Microchip MPLAB XC8 Compiler V2.36

Linker command line:

-W-3 --edf=C:\Program Files\Microchip\xc8\v2.36\pic\dat\en_msgs.txt \
  -pivt0x8=08h -cn -h+dist/default/production\polling.X.production.sym \
  --cmf=dist/default/production\polling.X.production.cmf -z -Q18F46K42 \
  -oC:\Users\AULASI~1\AppData\Local\Temp\xcAsg0.4 --defsym=__MPLAB_BUILD=1 \
  -Mdist/default/production/polling.X.production.map \
  --md=C:\Users\AULASI~1\AppData\Local\Temp\xcAsg0.dat -E1 \
  -ver=XC8 Compiler --acfsm=1493 -ACODE=00h-0FFFFh -ACONST=00h-0FFFFh \
  -ASMALLCONST=01000h-010FFhx240 -AMEDIUMCONST=01000h-0FFFFh \
  -ACOMRAM=01h-05Fh -AABS1=00h-0FFFh -ABIGRAM=01h-0FFFh \
  -ARAM=060h-0FFh,0100h-01FFhx15 -ABANK0=060h-0FFh -ABANK1=0100h-01FFh \
  -ABANK2=0200h-02FFh -ABANK3=0300h-03FFh -ABANK4=0400h-04FFh \
  -ABANK5=0500h-05FFh -ABANK6=0600h-06FFh -ABANK7=0700h-07FFh \
  -ABANK8=0800h-08FFh -ABANK9=0900h-09FFh -ABANK10=0A00h-0AFFh \
  -ABANK11=0B00h-0BFFh -ABANK12=0C00h-0CFFh -ABANK13=0D00h-0DFFh \
  -ABANK14=0E00h-0EFFh -ABANK15=0F00h-0FFFh \
  -ASFR=03800h-038FFhx7,03F00h-03F5Fh,03F60h-03FFFh -ABIGSFR=03800h-03FFFh \
  -ACONFIG=0300000h-0300009h -AIDLOC=0200000h-020000Fh \
  -AEEDATA=0310000h-03103FFh -peeprom_data=EEDATA -preset_vec=00h \
  -ppowerup=CODE,init -pramtop=01000h -psmallconst=SMALLCONST \
  -pmediumconst=MEDIUMCONST -pconst=CONST -AFARRAM=00h-00h \
  -prdata=COMRAM,nvrram=COMRAM,nvbit=COMRAM,rbss=COMRAM,rbit=COMRAM \
  -pfarbss=FARRAM,fardata=FARRAM,nvFARRAM=FARRAM \
  -pintsave_regs=BIGRAM,bigbss=BIGRAM,bigdata=BIGRAM -pbss=RAM \
  -pidata=CODE,irdata=CODE,ibigdata=CODE,ifardata=CODE -prparam=COMRAM \
  C:\Users\AULASI~1\AppData\Local\Temp\xcAsg0.o \
  dist/default/production\polling.X.production.o 

Object code version is 3.11

Machine type is 18F46K42



                Name                               Link     Load   Length Selector   Space Scale
C:\Users\AULASI~1\AppData\Local\Temp\xcAsg0.o
                idloc                            200000   200000       10        0       5
                config                           300000   300000        A        0       4
                init                                 1A       1A        4        4       0
                reset_vec                             0        0        4        0       0
dist/default/production\polling.X.production.o
                idloc                            200000   200000       10        0       5
                config                           300000   300000        A        0       4
                smallconst                         1000     1000        8      800       0
                ivt0x8                                8        8       12        4       0
                text47                             1FE0     1FE0        8      804       0
                text46                             1FE8     1FE8        6      804       0
                text45                             1ADA     1ADA       88      804       0
                text44                             1EF2     1EF2       16      804       0
                text43                             1EDC     1EDC       16      804       0
                text42                             1F8C     1F8C       10      804       0
                text41                             1BE4     1BE4       5C      804       0
                text40                             1FD8     1FD8        8      804       0
                text39                             1FEE     1FEE        4      804       0
                text38                             1EAE     1EAE       18      804       0
                text37                             1878     1878       A8      804       0
                text36                             1E1E     1E1E       24      804       0
                text35                             1E94     1E94       1A      804       0
                text34                             1E42     1E42       1E      804       0
                text33                             1FCE     1FCE        A      804       0
                text32                             1FC4     1FC4        A      804       0
                text31                             1FBA     1FBA        A      804       0
                text30                             1FB0     1FB0        A      804       0
                text29                             1FA6     1FA6        A      804       0
                text28                             1A4C     1A4C       8E      804       0
                text27                             1DD4     1DD4       26      804       0
                text26                             1D7E     1D7E       2C      804       0
                text25                             1F6A     1F6A       12      804       0
                text24                             1F58     1F58       12      804       0
                text23                             1C40     1C40       52      804       0
                text22                             1564     1564       DA      804       0
                text21                             1EC6     1EC6       16      804       0
                text20                             1D52     1D52       2C      804       0
                text19                             1DAA     1DAA       2A      804       0
                text18                             19B6     19B6       96      804       0
                text17                             1E7A     1E7A       1A      804       0
                text16                             1C92     1C92       42      804       0
                text15                             17CA     17CA       AE      804       0
                text14                             1CD4     1CD4       40      804       0
                text13                             1712     1712       B8      804       0
                text12                             1F7C     1F7C       10      804       0
                text11                             1F44     1F44       14      804       0
                text10                             1F9C     1F9C        A      804       0
                text9                              163E     163E       D4      804       0
                text8                              1B62     1B62       82      804       0
                text7                              1920     1920       96      804       0
                text6                              1D14     1D14       3E      804       0
                text5                              1E60     1E60       1A      804       0
                text4                              1374     1374      1F0      804       0
                text3                              1F30     1F30       14      804       0
                text2                              1F1C     1F1C       14      804       0
                text1                              1F08     1F08       14      804       0
                text0                              1008     1008      36C      804       0
                cstackCOMRAM                          1        1       14        1       1
                cstackBANK0                          60       60       4A       60       1
                bssBANK0                             AA       AA        A       60       1
                bssCOMRAM                            1F       1F        3        1       1
                cinit                              1DFA     1DFA       24      804       0
                nvCOMRAM                             15       15        A        1       1

TOTAL           Name                               Link     Load   Length     Space
        CLASS   CODE           
                init                                 1A       1A        4         0
                reset_vec                             0        0        4         0
                ivt0x8                                8        8       12         0
                text47                             1FE0     1FE0        8         0
                text46                             1FE8     1FE8        6         0
                text45                             1ADA     1ADA       88         0
                text44                             1EF2     1EF2       16         0
                text43                             1EDC     1EDC       16         0
                text42                             1F8C     1F8C       10         0
                text41                             1BE4     1BE4       5C         0
                text40                             1FD8     1FD8        8         0
                text39                             1FEE     1FEE        4         0
                text38                             1EAE     1EAE       18         0
                text37                             1878     1878       A8         0
                text36                             1E1E     1E1E       24         0
                text35                             1E94     1E94       1A         0
                text34                             1E42     1E42       1E         0
                text33                             1FCE     1FCE        A         0
                text32                             1FC4     1FC4        A         0
                text31                             1FBA     1FBA        A         0
                text30                             1FB0     1FB0        A         0
                text29                             1FA6     1FA6        A         0
                text28                             1A4C     1A4C       8E         0
                text27                             1DD4     1DD4       26         0
                text26                             1D7E     1D7E       2C         0
                text25                             1F6A     1F6A       12         0
                text24                             1F58     1F58       12         0
                text23                             1C40     1C40       52         0
                text22                             1564     1564       DA         0
                text21                             1EC6     1EC6       16         0
                text20                             1D52     1D52       2C         0
                text19                             1DAA     1DAA       2A         0
                text18                             19B6     19B6       96         0
                text17                             1E7A     1E7A       1A         0
                text16                             1C92     1C92       42         0
                text15                             17CA     17CA       AE         0
                text14                             1CD4     1CD4       40         0
                text13                             1712     1712       B8         0
                text12                             1F7C     1F7C       10         0
                text11                             1F44     1F44       14         0
                text10                             1F9C     1F9C        A         0
                text9                              163E     163E       D4         0
                text8                              1B62     1B62       82         0
                text7                              1920     1920       96         0
                text6                              1D14     1D14       3E         0
                text5                              1E60     1E60       1A         0
                text4                              1374     1374      1F0         0
                text3                              1F30     1F30       14         0
                text2                              1F1C     1F1C       14         0
                text1                              1F08     1F08       14         0
                text0                              1008     1008      36C         0
                cinit                              1DFA     1DFA       24         0

        CLASS   CONST          

        CLASS   SMALLCONST     
                smallconst                         1000     1000        8         0

        CLASS   MEDIUMCONST    

        CLASS   COMRAM         
                cstackCOMRAM                          1        1       14         1
                bssCOMRAM                            1F       1F        3         1
                nvCOMRAM                             15       15        A         1

        CLASS   ABS1           

        CLASS   BIGRAM         

        CLASS   RAM            

        CLASS   BANK0          
                cstackBANK0                          60       60       4A         1
                bssBANK0                             AA       AA        A         1

        CLASS   BANK1          

        CLASS   BANK2          

        CLASS   BANK3          

        CLASS   BANK4          

        CLASS   BANK5          

        CLASS   BANK6          

        CLASS   BANK7          

        CLASS   BANK8          

        CLASS   BANK9          

        CLASS   BANK10         

        CLASS   BANK11         

        CLASS   BANK12         

        CLASS   BANK13         

        CLASS   BANK14         

        CLASS   BANK15         

        CLASS   SFR            

        CLASS   BIGSFR         

        CLASS   CONFIG         
                config                           300000   300000        A         4

        CLASS   IDLOC          
                idloc                            200000   200000       10         5

        CLASS   EEDATA         

        CLASS   FARRAM         

        CLASS   HEAP           

        CLASS   STACK          



SEGMENTS        Name                           Load    Length   Top    Selector   Space  Class

                reset_vec                      000000  000004  000004         0       0  CODE    
                cstackCOMRAM                   000001  000021  000022         1       1  COMRAM  
                ivt0x8                         000008  000016  00001E         4       0  CODE    
                cstackBANK0                    000060  000054  0000B4        60       1  BANK0   
                smallconst                     001000  000008  001008       800       0  SMALLCON
                text0                          001008  000FEA  001FF2       804       0  CODE    


UNUSED ADDRESS RANGES

        Name                Unused          Largest block    Delta
        BANK0            0000B4-0000FF               4C
        BANK1            000100-0001FF              100
        BANK10           000A00-000AFF              100
        BANK11           000B00-000BFF              100
        BANK12           000C00-000CFF              100
        BANK13           000D00-000DFF              100
        BANK14           000E00-000EFF              100
        BANK15           000F00-000FFF              100
        BANK2            000200-0002FF              100
        BANK3            000300-0003FF              100
        BANK4            000400-0004FF              100
        BANK5            000500-0005FF              100
        BANK6            000600-0006FF              100
        BANK7            000700-0007FF              100
        BANK8            000800-0008FF              100
        BANK9            000900-0009FF              100
        BIGRAM           000022-00005F               3E
                         0000B4-000FFF              F4C
        BIGSFR           003800-003FFF              800
        CODE             000004-000007                4
                         00001E-000FFF              FE2
                         001FF2-00FFFF             E00E
        COMRAM           000022-00005F               3E
        CONST            000004-000007                4
                         00001E-000FFF              FE2
                         001FF2-00FFFF             E00E
        EEDATA           310000-3103FF              400
        MEDIUMCONST      001FF2-00FFFF             E00E
        RAM              0000B4-000FFF              100
        SFR              003800-003FFF              100
        SMALLCONST       001FF2-00FFFF              100

                                  Symbol Table

?_ADCC_GetConversionResult                             cstackCOMRAM 000003
?___wmul                                               cstackCOMRAM 000003
?_actualizar_recibido_Eusart                           cstackCOMRAM 000009
?_cola_llena                                           cstackCOMRAM 000003
?_cola_vacia                                           cstackCOMRAM 000003
ADCC_StartConversion@channel                           cstackCOMRAM 000003
IVTBASEH                                               (abs)        003FD6
IVTBASEL                                               (abs)        003FD5
IVTBASEU                                               (abs)        003FD7
SPI1_WriteByte@byte                                    cstackCOMRAM 000003
TMR2_HasOverflowOccured@status                         cstackCOMRAM 000003
Tm_Baje_periodico@ctp                                  cstackCOMRAM 000003
Tm_Hubo_periodico@ctp                                  cstackCOMRAM 000003
Tm_Inicie_periodico@ctp                                cstackCOMRAM 00000F
Tm_Inicie_periodico@periodo                            cstackCOMRAM 000011
Tm_Procese_tiempo@ctp                                  cstackCOMRAM 000003
UART1_SetErrorHandler@interruptHandler                 cstackCOMRAM 000003
UART1_SetFramingErrorHandler@interruptHandler          cstackCOMRAM 000003
UART1_SetFramingErrorInterruptHandler@InterruptHandler cstackCOMRAM 000003
UART1_SetOverrunErrorHandler@interruptHandler          cstackCOMRAM 000003
UART1_SetUartInterruptHandler@InterruptHandler         cstackCOMRAM 000003
UART1_Write@txData                                     cstackCOMRAM 000003
_ADACCH                                                (abs)        003EE9
_ADACCL                                                (abs)        003EE8
_ADACCU                                                (abs)        003EEA
_ADACQH                                                (abs)        003EF4
_ADACQL                                                (abs)        003EF3
_ADACT                                                 (abs)        003EFE
_ADC1                                                  bssBANK0     0000AE
_ADC2                                                  bssBANK0     0000AC
_ADCAP                                                 (abs)        003EF5
_ADCC_GetConversionResult                              text44       001EF2
_ADCC_Initialize                                       text41       001BE4
_ADCC_IsConversionDone                                 text43       001EDC
_ADCC_StartConversion                                  text42       001F8C
_ADCLK                                                 (abs)        003EFF
_ADCNT                                                 (abs)        003EEB
_ADCON0                                                (abs)        003EF8
_ADCON0bits                                            (abs)        003EF8
_ADCON1                                                (abs)        003EF9
_ADCON1bits                                            (abs)        003EF9
_ADCON2                                                (abs)        003EFA
_ADCON2bits                                            (abs)        003EFA
_ADCON3                                                (abs)        003EFB
_ADCON3bits                                            (abs)        003EFB
_ADERRH                                                (abs)        003EE3
_ADERRL                                                (abs)        003EE2
_ADFLTRH                                               (abs)        003EE7
_ADFLTRL                                               (abs)        003EE6
_ADLTHH                                                (abs)        003EDF
_ADLTHL                                                (abs)        003EDE
_ADPCH                                                 (abs)        003EF1
_ADPREH                                                (abs)        003EF7
_ADPREL                                                (abs)        003EF6
_ADPREVH                                               (abs)        003EEE
_ADPREVL                                               (abs)        003EED
_ADREF                                                 (abs)        003EFD
_ADRESH                                                (abs)        003EF0
_ADRESL                                                (abs)        003EEF
_ADRPT                                                 (abs)        003EEC
_ADSTAT                                                (abs)        003EFC
_ADSTATbits                                            (abs)        003EFC
_ADSTPTH                                               (abs)        003EE5
_ADSTPTL                                               (abs)        003EE4
_ADUTHH                                                (abs)        003EE1
_ADUTHL                                                (abs)        003EE0
_ANSELA                                                (abs)        003A40
_ANSELB                                                (abs)        003A50
_ANSELC                                                (abs)        003A60
_ANSELD                                                (abs)        003A70
_ANSELE                                                (abs)        003A80
_FVRCON                                                (abs)        003EC1
_FVRCONbits                                            (abs)        003EC1
_FVR_Initialize                                        text40       001FD8
_INLVLA                                                (abs)        003A44
_INLVLB                                                (abs)        003A54
_INLVLC                                                (abs)        003A64
_INLVLD                                                (abs)        003A74
_INLVLE                                                (abs)        003A84
_INTCON0bits                                           (abs)        003FD2
_INTERRUPT_Initialize                                  text39       001FEE
_INTERRUPT_InterruptManager                            text45       001ADA
_LATA                                                  (abs)        003FBA
_LATB                                                  (abs)        003FBB
_LATBbits                                              (abs)        003FBB
_LATC                                                  (abs)        003FBC
_LATD                                                  (abs)        003FBD
_LATE                                                  (abs)        003FBE
_LATEbits                                              (abs)        003FBE
_ODCONA                                                (abs)        003A42
_ODCONB                                                (abs)        003A52
_ODCONC                                                (abs)        003A62
_ODCOND                                                (abs)        003A72
_ODCONE                                                (abs)        003A82
_OSCCON1                                               (abs)        0039D9
_OSCCON3                                               (abs)        0039DB
_OSCEN                                                 (abs)        0039DD
_OSCFRQ                                                (abs)        0039DF
_OSCILLATOR_Initialize                                 text38       001EAE
_OSCTUNE                                               (abs)        0039DE
_PIE3bits                                              (abs)        003993
_PIN_MANAGER_Initialize                                text37       001878
_PIR2bits                                              (abs)        0039A2
_PIR3bits                                              (abs)        0039A3
_PIR4bits                                              (abs)        0039A4
_PMD0                                                  (abs)        0039C0
_PMD1                                                  (abs)        0039C1
_PMD2                                                  (abs)        0039C2
_PMD3                                                  (abs)        0039C3
_PMD4                                                  (abs)        0039C4
_PMD5                                                  (abs)        0039C5
_PMD6                                                  (abs)        0039C6
_PMD7                                                  (abs)        0039C7
_PMD_Initialize                                        text36       001E1E
_PR2                                                   (abs)        003FAB
_RB1I2C                                                (abs)        003A5A
_RB2I2C                                                (abs)        003A5B
_RC3I2C                                                (abs)        003A6A
_RC3PPS                                                (abs)        003A13
_RC4I2C                                                (abs)        003A6B
_RC5PPS                                                (abs)        003A15
_RC6PPS                                                (abs)        003A16
_RD0I2C                                                (abs)        003A7A
_RD1I2C                                                (abs)        003A7B
_SLRCONA                                               (abs)        003A43
_SLRCONB                                               (abs)        003A53
_SLRCONC                                               (abs)        003A63
_SLRCOND                                               (abs)        003A73
_SLRCONE                                               (abs)        003A83
_SPI1BAUD                                              (abs)        003D19
_SPI1CLK                                               (abs)        003D1C
_SPI1CON0                                              (abs)        003D14
_SPI1CON0bits                                          (abs)        003D14
_SPI1CON1                                              (abs)        003D15
_SPI1CON2                                              (abs)        003D16
_SPI1RXB                                               (abs)        003D10
_SPI1SCKPPS                                            (abs)        003ADE
_SPI1SDIPPS                                            (abs)        003ADF
_SPI1STATUSbits                                        (abs)        003D17
_SPI1TCNTL                                             (abs)        003D12
_SPI1TXB                                               (abs)        003D11
_SPI1_Initialize                                       text35       001E94
_SPI1_WriteByte                                        text10       001F9C
_SYSTEM_Initialize                                     text27       001DD4
_T2CLKCON                                              (abs)        003FAE
_T2CON                                                 (abs)        003FAC
_T2CONbits                                             (abs)        003FAC
_T2HLT                                                 (abs)        003FAD
_T2HLTbits                                             (abs)        003FAD
_T2PR                                                  (abs)        003FAB
_T2RST                                                 (abs)        003FAF
_T2RSTbits                                             (abs)        003FAF
_T2TMR                                                 (abs)        003FAA
_TMR2                                                  (abs)        003FAA
_TMR2_HasOverflowOccured                               text26       001D7E
_TMR2_Initialize                                       text34       001E42
_TRISA                                                 (abs)        003FC2
_TRISB                                                 (abs)        003FC3
_TRISC                                                 (abs)        003FC4
_TRISCbits                                             (abs)        003FC4
_TRISD                                                 (abs)        003FC5
_TRISE                                                 (abs)        003FC6
_Tm_Baje_periodico                                     text25       001F6A
_Tm_Hubo_periodico                                     text24       001F58
_Tm_Inicie_periodico                                   text23       001C40
_Tm_Procese_tiempo                                     text22       001564
_U1BRGH                                                (abs)        003DF6
_U1BRGL                                                (abs)        003DF5
_U1CON0                                                (abs)        003DF2
_U1CON0bits                                            (abs)        003DF2
_U1CON1                                                (abs)        003DF3
_U1CON2                                                (abs)        003DF4
_U1ERRIE                                               (abs)        003DFA
_U1ERRIR                                               (abs)        003DF9
_U1ERRIRbits                                           (abs)        003DF9
_U1FIFO                                                (abs)        003DF7
_U1P1H                                                 (abs)        003DED
_U1P1L                                                 (abs)        003DEC
_U1P2H                                                 (abs)        003DEF
_U1P2L                                                 (abs)        003DEE
_U1P3H                                                 (abs)        003DF1
_U1P3L                                                 (abs)        003DF0
_U1RXB                                                 (abs)        003DE8
_U1RXPPS                                               (abs)        003AE5
_U1TXB                                                 (abs)        003DEA
_U1UIR                                                 (abs)        003DF8
_U1UIRbits                                             (abs)        003DF8
_UART1_DefaultErrorHandler                             (abs)        000000
_UART1_DefaultFramingErrorHandler                      (abs)        000000
_UART1_DefaultOverrunErrorHandler                      (abs)        000000
_UART1_ErrorHandler                                    nvCOMRAM     000015
_UART1_FramingErrorHandler                             nvCOMRAM     000019
_UART1_FramingErrorInterruptHandler                    nvCOMRAM     00001D
_UART1_FramingError_ISR                                text47       001FE0
_UART1_Initialize                                      text28       001A4C
_UART1_OverrunErrorHandler                             nvCOMRAM     000017
_UART1_SetErrorHandler                                 text33       001FCE
_UART1_SetFramingErrorHandler                          text32       001FC4
_UART1_SetFramingErrorInterruptHandler                 text31       001FBA
_UART1_SetOverrunErrorHandler                          text30       001FB0
_UART1_SetUartInterruptHandler                         text29       001FA6
_UART1_UARTInterruptHandler                            nvCOMRAM     00001B
_UART1_UartInterrupt_ISR                               text46       001FE8
_UART1_Write                                           text5        001E60
_UART1_is_rx_ready                                     text21       001EC6
_UART1_is_tx_ready                                     text20       001D52
_UART1_is_tx_ready$1114                                cstackCOMRAM 000003
_WPUA                                                  (abs)        003A41
_WPUB                                                  (abs)        003A51
_WPUC                                                  (abs)        003A61
_WPUD                                                  (abs)        003A71
_WPUE                                                  (abs)        003A81
__HRAM                                                 (abs)        000000
__Habs1                                                abs1         000000
__Hbank0                                               bank0        000000
__Hbank1                                               bank1        000000
__Hbank10                                              bank10       000000
__Hbank11                                              bank11       000000
__Hbank12                                              bank12       000000
__Hbank13                                              bank13       000000
__Hbank14                                              bank14       000000
__Hbank15                                              bank15       000000
__Hbank2                                               bank2        000000
__Hbank3                                               bank3        000000
__Hbank4                                               bank4        000000
__Hbank5                                               bank5        000000
__Hbank6                                               bank6        000000
__Hbank7                                               bank7        000000
__Hbank8                                               bank8        000000
__Hbank9                                               bank9        000000
__Hbigbss                                              bigbss       000000
__Hbigdata                                             bigdata      000000
__Hbigram                                              bigram       000000
__Hbigsfr                                              bigsfr       000000
__Hbss                                                 bss          000000
__HbssBANK0                                            bssBANK0     000000
__HbssCOMRAM                                           bssCOMRAM    000000
__Hcinit                                               cinit        000000
__Hclrtext                                             clrtext      000000
__Hcomram                                              comram       000000
__Hconfig                                              config       30000A
__Hconst                                               const        000000
__HcstackBANK0                                         cstackBANK0  000000
__HcstackCOMRAM                                        cstackCOMRAM 000000
__Hdata                                                data         000000
__Heeprom_data                                         eeprom_data  000000
__Hfarbss                                              farbss       000000
__Hfardata                                             fardata      000000
__Hheap                                                heap         000000
__Hibigdata                                            ibigdata     000000
__Hidata                                               idata        000000
__Hidloc                                               idloc        200010
__Hifardata                                            ifardata     000000
__Hinit                                                init         00001E
__Hintsave_regs                                        intsave_regs 000000
__Hirdata                                              irdata       000000
__Hivt0x8                                              ivt0x8       00001A
__Hmediumconst                                         mediumconst  000000
__HnvCOMRAM                                            nvCOMRAM     000000
__HnvFARRAM                                            nvFARRAM     000000
__Hnvbit                                               nvbit        000000
__Hnvrram                                              nvrram       000000
__Hparam                                               rparam       000000
__Hpowerup                                             powerup      000000
__Hram                                                 ram          000000
__Hramtop                                              ramtop       001000
__Hrbit                                                rbit         000000
__Hrbss                                                rbss         000000
__Hrdata                                               rdata        000000
__Hreset_vec                                           reset_vec    000004
__Hrparam                                              rparam       000000
__Hsfr                                                 sfr          000000
__Hsmallconst                                          smallconst   001008
__Hspace_0                                             (abs)        001FF2
__Hspace_1                                             (abs)        0000B4
__Hspace_2                                             (abs)        000000
__Hspace_4                                             (abs)        60000A
__Hstack                                               stack        000000
__Hstruct                                              struct       000000
__Htemp                                                temp         000000
__Htext                                                text         000000
__Htext0                                               text0        000000
__Htext1                                               text1        000000
__Htext10                                              text10       000000
__Htext11                                              text11       000000
__Htext12                                              text12       000000
__Htext13                                              text13       000000
__Htext14                                              text14       000000
__Htext15                                              text15       000000
__Htext16                                              text16       000000
__Htext17                                              text17       000000
__Htext18                                              text18       000000
__Htext19                                              text19       000000
__Htext2                                               text2        000000
__Htext20                                              text20       000000
__Htext21                                              text21       000000
__Htext22                                              text22       000000
__Htext23                                              text23       000000
__Htext24                                              text24       000000
__Htext25                                              text25       000000
__Htext26                                              text26       000000
__Htext27                                              text27       000000
__Htext28                                              text28       000000
__Htext29                                              text29       000000
__Htext3                                               text3        000000
__Htext30                                              text30       000000
__Htext31                                              text31       000000
__Htext32                                              text32       000000
__Htext33                                              text33       000000
__Htext34                                              text34       000000
__Htext35                                              text35       000000
__Htext36                                              text36       000000
__Htext37                                              text37       000000
__Htext38                                              text38       000000
__Htext39                                              text39       000000
__Htext4                                               text4        000000
__Htext40                                              text40       000000
__Htext41                                              text41       000000
__Htext42                                              text42       000000
__Htext43                                              text43       000000
__Htext44                                              text44       000000
__Htext45                                              text45       000000
__Htext46                                              text46       000000
__Htext47                                              text47       000000
__Htext48                                              text48       000000
__Htext5                                               text5        000000
__Htext6                                               text6        000000
__Htext7                                               text7        000000
__Htext8                                               text8        000000
__Htext9                                               text9        000000
__LRAM                                                 (abs)        000001
__Labs1                                                abs1         000000
__Lbank0                                               bank0        000000
__Lbank1                                               bank1        000000
__Lbank10                                              bank10       000000
__Lbank11                                              bank11       000000
__Lbank12                                              bank12       000000
__Lbank13                                              bank13       000000
__Lbank14                                              bank14       000000
__Lbank15                                              bank15       000000
__Lbank2                                               bank2        000000
__Lbank3                                               bank3        000000
__Lbank4                                               bank4        000000
__Lbank5                                               bank5        000000
__Lbank6                                               bank6        000000
__Lbank7                                               bank7        000000
__Lbank8                                               bank8        000000
__Lbank9                                               bank9        000000
__Lbigbss                                              bigbss       000000
__Lbigdata                                             bigdata      000000
__Lbigram                                              bigram       000000
__Lbigsfr                                              bigsfr       000000
__Lbss                                                 bss          000000
__LbssBANK0                                            bssBANK0     000000
__LbssCOMRAM                                           bssCOMRAM    000000
__Lcinit                                               cinit        000000
__Lclrtext                                             clrtext      000000
__Lcomram                                              comram       000000
__Lconfig                                              config       000000
__Lconst                                               const        000000
__LcstackBANK0                                         cstackBANK0  000000
__LcstackCOMRAM                                        cstackCOMRAM 000000
__Ldata                                                data         000000
__Leeprom_data                                         eeprom_data  000000
__Lfarbss                                              farbss       000000
__Lfardata                                             fardata      000000
__Lheap                                                heap         000000
__Libigdata                                            ibigdata     000000
__Lidata                                               idata        000000
__Lidloc                                               idloc        000000
__Lifardata                                            ifardata     000000
__Linit                                                init         00001A
__Lintsave_regs                                        intsave_regs 000000
__Lirdata                                              irdata       000000
__Livt0x8                                              ivt0x8       000008
__Lmediumconst                                         mediumconst  000000
__LnvCOMRAM                                            nvCOMRAM     000000
__LnvFARRAM                                            nvFARRAM     000000
__Lnvbit                                               nvbit        000000
__Lnvrram                                              nvrram       000000
__Lparam                                               rparam       000000
__Lpowerup                                             powerup      000000
__Lram                                                 ram          000000
__Lramtop                                              ramtop       001000
__Lrbit                                                rbit         000000
__Lrbss                                                rbss         000000
__Lrdata                                               rdata        000000
__Lreset_vec                                           reset_vec    000000
__Lrparam                                              rparam       000000
__Lsfr                                                 sfr          000000
__Lsmallconst                                          smallconst   001000
__Lspace_0                                             (abs)        000000
__Lspace_1                                             (abs)        000000
__Lspace_2                                             (abs)        000000
__Lspace_4                                             (abs)        000000
__Lstack                                               stack        000000
__Lstruct                                              struct       000000
__Ltemp                                                temp         000000
__Ltext                                                text         000000
__Ltext0                                               text0        000000
__Ltext1                                               text1        000000
__Ltext10                                              text10       000000
__Ltext11                                              text11       000000
__Ltext12                                              text12       000000
__Ltext13                                              text13       000000
__Ltext14                                              text14       000000
__Ltext15                                              text15       000000
__Ltext16                                              text16       000000
__Ltext17                                              text17       000000
__Ltext18                                              text18       000000
__Ltext19                                              text19       000000
__Ltext2                                               text2        000000
__Ltext20                                              text20       000000
__Ltext21                                              text21       000000
__Ltext22                                              text22       000000
__Ltext23                                              text23       000000
__Ltext24                                              text24       000000
__Ltext25                                              text25       000000
__Ltext26                                              text26       000000
__Ltext27                                              text27       000000
__Ltext28                                              text28       000000
__Ltext29                                              text29       000000
__Ltext3                                               text3        000000
__Ltext30                                              text30       000000
__Ltext31                                              text31       000000
__Ltext32                                              text32       000000
__Ltext33                                              text33       000000
__Ltext34                                              text34       000000
__Ltext35                                              text35       000000
__Ltext36                                              text36       000000
__Ltext37                                              text37       000000
__Ltext38                                              text38       000000
__Ltext39                                              text39       000000
__Ltext4                                               text4        000000
__Ltext40                                              text40       000000
__Ltext41                                              text41       000000
__Ltext42                                              text42       000000
__Ltext43                                              text43       000000
__Ltext44                                              text44       000000
__Ltext45                                              text45       000000
__Ltext46                                              text46       000000
__Ltext47                                              text47       000000
__Ltext48                                              text48       000000
__Ltext5                                               text5        000000
__Ltext6                                               text6        000000
__Ltext7                                               text7        000000
__Ltext8                                               text8        000000
__Ltext9                                               text9        000000
__S0                                                   (abs)        001FF2
__S1                                                   (abs)        0000B4
__S4                                                   (abs)        000000
__S5                                                   (abs)        000000
___heap_hi                                             (abs)        000000
___heap_lo                                             (abs)        000000
___inthi_sp                                            stack        000000
___intlo_sp                                            stack        000000
___param_bank                                          (abs)        000000
___rparam_used                                         (abs)        000001
___sp                                                  stack        000000
___wmul                                                text19       001DAA
___wmul@multiplicand                                   cstackCOMRAM 000005
___wmul@multiplier                                     cstackCOMRAM 000003
___wmul@product                                        cstackCOMRAM 000007
__accesstop                                            (abs)        000060
__activetblptr                                         (abs)        000003
__end_of_ADCC_GetConversionResult                      text44       001F08
__end_of_ADCC_Initialize                               text41       001C40
__end_of_ADCC_IsConversionDone                         text43       001EF2
__end_of_ADCC_StartConversion                          text42       001F9C
__end_of_FVR_Initialize                                text40       001FE0
__end_of_INTERRUPT_Initialize                          text39       001FF2
__end_of_INTERRUPT_InterruptManager                    text45       001B62
__end_of_OSCILLATOR_Initialize                         text38       001EC6
__end_of_PIN_MANAGER_Initialize                        text37       001920
__end_of_PMD_Initialize                                text36       001E42
__end_of_SPI1_Initialize                               text35       001EAE
__end_of_SPI1_WriteByte                                text10       001FA6
__end_of_SYSTEM_Initialize                             text27       001DFA
__end_of_TMR2_HasOverflowOccured                       text26       001DAA
__end_of_TMR2_Initialize                               text34       001E60
__end_of_Tm_Baje_periodico                             text25       001F7C
__end_of_Tm_Hubo_periodico                             text24       001F6A
__end_of_Tm_Inicie_periodico                           text23       001C92
__end_of_Tm_Procese_tiempo                             text22       00163E
__end_of_UART1_FramingError_ISR                        text47       001FE8
__end_of_UART1_Initialize                              text28       001ADA
__end_of_UART1_SetErrorHandler                         text33       001FD8
__end_of_UART1_SetFramingErrorHandler                  text32       001FCE
__end_of_UART1_SetFramingErrorInterruptHandler         text31       001FC4
__end_of_UART1_SetOverrunErrorHandler                  text30       001FBA
__end_of_UART1_SetUartInterruptHandler                 text29       001FB0
__end_of_UART1_UartInterrupt_ISR                       text46       001FEE
__end_of_UART1_Write                                   text5        001E7A
__end_of_UART1_is_rx_ready                             text21       001EDC
__end_of_UART1_is_tx_ready                             text20       001D7E
__end_of___wmul                                        text19       001DD4
__end_of__initialization                               cinit        001E18
__end_of_actualizar_recibido_Eusart                    text18       001A4C
__end_of_actualize_valor                               text17       001E94
__end_of_cola_add                                      text15       001878
__end_of_cola_get                                      text13       0017CA
__end_of_cola_llena                                    text16       001CD4
__end_of_cola_vacia                                    text14       001D14
__end_of_dato_recibido_completo                        text12       001F8C
__end_of_enviar_Eusart                                 text11       001F58
__end_of_envioSPI                                      text9        001712
__end_of_iniciar_struct_usart                          text8        001BE4
__end_of_inicie_SPI                                    text7        0019B6
__end_of_inicie_cola                                   text6        001D52
__end_of_main                                          text0        001374
__end_of_recibir_periodo_Eusart                        text4        001564
__end_of_selec_channel                                 text3        001F44
__end_of_selec_gain                                    text2        001F30
__end_of_selec_imp                                     text1        001F1C
__end_of_spi1_configuration                            smallconst   001006
__initialization                                       cinit        001DFA
__mediumconst                                          mediumconst  000000
__pbssBANK0                                            bssBANK0     0000AA
__pbssCOMRAM                                           bssCOMRAM    00001F
__pcinit                                               cinit        001DFA
__pcstackBANK0                                         cstackBANK0  000060
__pcstackCOMRAM                                        cstackCOMRAM 000001
__pivt0x8                                              ivt0x8       000008
__pnvCOMRAM                                            nvCOMRAM     000015
__psmallconst                                          smallconst   001000
__ptext0                                               text0        001008
__ptext1                                               text1        001F08
__ptext10                                              text10       001F9C
__ptext11                                              text11       001F44
__ptext12                                              text12       001F7C
__ptext13                                              text13       001712
__ptext14                                              text14       001CD4
__ptext15                                              text15       0017CA
__ptext16                                              text16       001C92
__ptext17                                              text17       001E7A
__ptext18                                              text18       0019B6
__ptext19                                              text19       001DAA
__ptext2                                               text2        001F1C
__ptext20                                              text20       001D52
__ptext21                                              text21       001EC6
__ptext22                                              text22       001564
__ptext23                                              text23       001C40
__ptext24                                              text24       001F58
__ptext25                                              text25       001F6A
__ptext26                                              text26       001D7E
__ptext27                                              text27       001DD4
__ptext28                                              text28       001A4C
__ptext29                                              text29       001FA6
__ptext3                                               text3        001F30
__ptext30                                              text30       001FB0
__ptext31                                              text31       001FBA
__ptext32                                              text32       001FC4
__ptext33                                              text33       001FCE
__ptext34                                              text34       001E42
__ptext35                                              text35       001E94
__ptext36                                              text36       001E1E
__ptext37                                              text37       001878
__ptext38                                              text38       001EAE
__ptext39                                              text39       001FEE
__ptext4                                               text4        001374
__ptext40                                              text40       001FD8
__ptext41                                              text41       001BE4
__ptext42                                              text42       001F8C
__ptext43                                              text43       001EDC
__ptext44                                              text44       001EF2
__ptext45                                              text45       001ADA
__ptext46                                              text46       001FE8
__ptext47                                              text47       001FE0
__ptext48                                              text48       000000
__ptext5                                               text5        001E60
__ptext6                                               text6        001D14
__ptext7                                               text7        001920
__ptext8                                               text8        001B62
__ptext9                                               text9        00163E
__ramtop                                               ramtop       001000
__smallconst                                           smallconst   001000
_actualizar_recibido_Eusart                            text18       0019B6
_actualize_valor                                       text17       001E7A
_cola_add                                              text15       0017CA
_cola_get                                              text13       001712
_cola_llena                                            text16       001C92
_cola_vacia                                            text14       001CD4
_conv1                                                 bssBANK0     0000B3
_conv2                                                 bssBANK0     0000B2
_data                                                  bssBANK0     0000AA
_dato_recibido_completo                                text12       001F7C
_enviar_Eusart                                         text11       001F44
_envioSPI                                              text9        00163E
_f_send1                                               bssBANK0     0000B1
_f_send2                                               bssBANK0     0000B0
_iniciar_struct_usart                                  text8        001B62
_inicie_SPI                                            text7        001920
_inicie_cola                                           text6        001D14
_main                                                  text0        001008
_primerbyte                                            bssCOMRAM    000020
_recibir_periodo_Eusart                                text4        001374
_segundobyte                                           bssCOMRAM    00001F
_selec_channel                                         text3        001F30
_selec_gain                                            text2        001F1C
_selec_imp                                             text1        001F08
_spi1_configuration                                    smallconst   001001
_uart1RxLastError                                      bssCOMRAM    000021
actualizar_recibido_Eusart@disp                        cstackCOMRAM 000009
actualize_valor@spi                                    cstackCOMRAM 000003
actualize_valor@valorspi                               cstackCOMRAM 000005
cola_add@c                                             cstackCOMRAM 000007
cola_add@dato                                          cstackCOMRAM 000009
cola_get@c                                             cstackCOMRAM 000007
cola_get@temp                                          cstackCOMRAM 00000B
cola_llena@c                                           cstackCOMRAM 000003
cola_vacia@c                                           cstackCOMRAM 000003
dato_recibido_completo@disp                            cstackCOMRAM 000003
end_of_initialization                                  cinit        001E18
enviar_Eusart@disp                                     cstackCOMRAM 00000C
envioSPI@spi                                           cstackCOMRAM 000004
iniciar_struct_usart@disp                              cstackCOMRAM 000003
inicie_SPI@spi                                         cstackCOMRAM 000003
inicie_cola@c                                          cstackCOMRAM 000003
intlevel0                                              text         000000
intlevel1                                              text         000000
intlevel2                                              text         000000
intlevel3                                              text         000000
isa$std                                                (abs)        000001
isa$xinst                                              (abs)        000000
ivt0x8_base                                            ivt0x8       000008
main@cola                                              cstackBANK0  00007C
main@colarx                                            cstackBANK0  000060
main@disp                                              cstackBANK0  000091
main@spi                                               cstackBANK0  00009C
main@time_out                                          cstackBANK0  000075
recibir_periodo_Eusart@dato                            cstackCOMRAM 000006
recibir_periodo_Eusart@disp                            cstackCOMRAM 000004
selec_channel@canalspi                                 cstackCOMRAM 000005
selec_channel@spi                                      cstackCOMRAM 000003
selec_gain@gananciaspi                                 cstackCOMRAM 000005
selec_gain@spi                                         cstackCOMRAM 000003
selec_imp@impedanciaspi                                cstackCOMRAM 000005
selec_imp@spi                                          cstackCOMRAM 000003
stackhi                                                (abs)        000000
stacklo                                                (abs)        000000
start                                                  init         00001A
start_initialization                                   cinit        001DFA


MODULE INFORMATION

Module		Function		Class		Link	Load	Size
mcc_generated_files/fvr.c
		_FVR_Initialize		CODE           	1FD8	0000	8

mcc_generated_files/fvr.c estimated size: 8

nuestrospi.c
		_envioSPI      		CODE           	163E	0000	212
		_selec_gain    		CODE           	1F1C	0000	20
		_selec_imp     		CODE           	1F08	0000	20
		_inicie_SPI    		CODE           	1920	0000	150
		_selec_channel 		CODE           	1F30	0000	20
		_actualize_valor		CODE           	1E7A	0000	26

nuestrospi.c estimated size: 448

mcc_generated_files/tmr2.c
		_TMR2_Initialize		CODE           	1E42	0000	30
		_TMR2_HasOverflowOccured		CODE           	1D7E	0000	44

mcc_generated_files/tmr2.c estimated size: 74

mcc_generated_files/interrupt_manager.c
		_INTERRUPT_Initialize		CODE           	1FEE	0000	4
		_INTERRUPT_InterruptManager		CODE           	1ADA	0000	136

mcc_generated_files/interrupt_manager.c estimated size: 140

mcc_generated_files/pin_manager.c
		_PIN_MANAGER_Initialize		CODE           	1878	0000	168

mcc_generated_files/pin_manager.c estimated size: 168

mcc_generated_files/spi1.c
		_SPI1_WriteByte		CODE           	1F9C	0000	10
		_SPI1_Initialize		CODE           	1E94	0000	26

mcc_generated_files/spi1.c estimated size: 36

nuestrostimers.c
		_Tm_Hubo_periodico		CODE           	1F58	0000	18
		_Tm_Procese_tiempo		CODE           	1564	0000	218
		_Tm_Inicie_periodico		CODE           	1C40	0000	82
		_Tm_Baje_periodico		CODE           	1F6A	0000	18

nuestrostimers.c estimated size: 336

mcc_generated_files/uart1.c
		_UART1_FramingError_ISR		CODE           	1FE0	0000	8
		_UART1_Write   		CODE           	1E60	0000	26
		_UART1_UartInterrupt_ISR		CODE           	1FE8	0000	6
		_UART1_SetFramingErrorHandler		CODE           	1FC4	0000	10
		_UART1_SetOverrunErrorHandler		CODE           	1FB0	0000	10
		_UART1_Initialize		CODE           	1A4C	0000	142
		_UART1_SetErrorHandler		CODE           	1FCE	0000	10
		_UART1_SetFramingErrorInterruptHandler		CODE           	1FBA	0000	10
		_UART1_SetUartInterruptHandler		CODE           	1FA6	0000	10
		_UART1_is_rx_ready		CODE           	1EC6	0000	22
		_UART1_is_tx_ready		CODE           	1D52	0000	44

mcc_generated_files/uart1.c estimated size: 298

shared
		__initialization		CODE           	1DFA	0000	30
		_spi1_configuration		SMALLCONST     	1001	0000	5

shared estimated size: 35

mcc_generated_files/mcc.c
		_PMD_Initialize		CODE           	1E1E	0000	36
		_OSCILLATOR_Initialize		CODE           	1EAE	0000	24
		_SYSTEM_Initialize		CODE           	1DD4	0000	38

mcc_generated_files/mcc.c estimated size: 98

cola.c
		_cola_add      		CODE           	17CA	0000	174
		_cola_vacia    		CODE           	1CD4	0000	64
		_cola_llena    		CODE           	1C92	0000	66
		_cola_get      		CODE           	1712	0000	184
		_inicie_cola   		CODE           	1D14	0000	62

cola.c estimated size: 550

mcc_generated_files/adcc.c
		_ADCC_GetConversionResult		CODE           	1EF2	0000	22
		_ADCC_StartConversion		CODE           	1F8C	0000	16
		_ADCC_Initialize		CODE           	1BE4	0000	92
		_ADCC_IsConversionDone		CODE           	1EDC	0000	22

mcc_generated_files/adcc.c estimated size: 152

main.c
		_main          		CODE           	1008	0000	876

main.c estimated size: 876

nuestrausart.c
		_enviar_Eusart 		CODE           	1F44	0000	20
		_recibir_periodo_Eusart		CODE           	1374	0000	496
		_iniciar_struct_usart		CODE           	1B62	0000	130
		_actualizar_recibido_Eusart		CODE           	19B6	0000	150
		_dato_recibido_completo		CODE           	1F7C	0000	16

nuestrausart.c estimated size: 812

C:\Program Files\Microchip\xc8\v2.36\pic\sources\c99\common\Umul16.c
		___wmul        		CODE           	1DAA	0000	42

C:\Program Files\Microchip\xc8\v2.36\pic\sources\c99\common\Umul16.c estimated size: 42

