Microchip MPLAB XC8 Compiler V2.40

Linker command line:

-W-3 \
  --edf=C:\Program Files\Microchip\xc8\v2.40\pic\dat\20220703182018_en.msgs \
  -pivt0x8=08h -cn -h+.ca/dist/Config_1/production\polling.X.production.sym \
  --cmf=.ca/dist/Config_1/production\polling.X.production.cmf -z -Q18F46K42 \
  -oC:\Users\AULASI~1\AppData\Local\Temp\xcAskeo.4 --defsym=__MPLAB_BUILD=1 \
  --fixupoverflow=error \
  -M.ca/dist/Config_1/production/polling.X.production.map \
  --md=C:\Users\AULASI~1\AppData\Local\Temp\xcAskeo.dat -E1 \
  -ver=XC8 Compiler --acfsm=1493 -ACODE=00h-0FFFFh -ACONST=00h-0FFFFh \
  -ASMALLCONST=01000h-010FFhx240 -AMEDIUMCONST=01000h-0FFFFh \
  -ACOMRAM=01h-05Fh -AABS1=00h-0FFFh -ABIGRAM=01h-0FFFh \
  -ARAM=060h-0FFh,0100h-01FFhx15 -ABANK0=060h-0FFh -ABANK1=0100h-01FFh \
  -ABANK2=0200h-02FFh -ABANK3=0300h-03FFh -ABANK4=0400h-04FFh \
  -ABANK5=0500h-05FFh -ABANK6=0600h-06FFh -ABANK7=0700h-07FFh \
  -ABANK8=0800h-08FFh -ABANK9=0900h-09FFh -ABANK10=0A00h-0AFFh \
  -ABANK11=0B00h-0BFFh -ABANK12=0C00h-0CFFh -ABANK13=0D00h-0DFFh \
  -ABANK14=0E00h-0EFFh -ABANK15=0F00h-0FFFh \
  -ASFR=03800h-038FFhx7,03F00h-03F5Fh,03F60h-03FFFh -ABIGSFR=03800h-03FFFh \
  -ACONFIG=0300000h-0300009h -AIDLOC=0200000h-020000Fh \
  -AEEDATA=0310000h-03103FFh -peeprom_data=EEDATA -preset_vec=00h \
  -ppowerup=CODE,init -pramtop=01000h -psmallconst=SMALLCONST \
  -pmediumconst=MEDIUMCONST -pconst=CONST -AFARRAM=00h-00h \
  -prdata=COMRAM,nvrram=COMRAM,nvbit=COMRAM,rbss=COMRAM,rbit=COMRAM \
  -pfarbss=FARRAM,fardata=FARRAM,nvFARRAM=FARRAM \
  -pintsave_regs=BIGRAM,bigbss=BIGRAM,bigdata=BIGRAM -pbss=RAM \
  -pidata=CODE,irdata=CODE,ibigdata=CODE,ifardata=CODE -prparam=COMRAM \
  C:\Users\AULASI~1\AppData\Local\Temp\xcAskeo.o \
  .ca/dist/Config_1/production\polling.X.production.o 

Object code version is 3.11

Machine type is 18F46K42



                Name                               Link     Load   Length Selector   Space Scale
C:\Users\AULASI~1\AppData\Local\Temp\xcAskeo.o
                idloc                            200000   200000       10        0       5
                config                           300000   300000        A        0       4
                init                                 1A       1A        4        4       0
                reset_vec                             0        0        4        0       0
.ca/dist/Config_1/production\polling.X.production.o
                idloc                            200000   200000       10        0       5
                config                           300000   300000        A        0       4
                smallconst                         1000     1000        8      800       0
                ivt0x8                                8        8       12        4       0
                text46                             1B6C     1B6C       22      804       0
                text45                             1CE2     1CE2        6      804       0
                text44                             1CEE     1CEE        2      804       0
                text43                             1CEC     1CEC        2      804       0
                text42                             174E     174E       98      804       0
                text41                             1AA0     1AA0       2E      804       0
                text40                             1956     1956       54      804       0
                text39                             1CDA     1CDA        8      804       0
                text38                             1C14     1C14       16      804       0
                text37                             1C8A     1C8A        E      804       0
                text36                             1C5E     1C5E       10      804       0
                text35                             18FA     18FA       5C      804       0
                text34                             1CD2     1CD2        8      804       0
                text33                             1CE8     1CE8        4      804       0
                text32                             1BAC     1BAC       1C      804       0
                text31                             1430     1430       A6      804       0
                text30                             1B48     1B48       24      804       0
                text29                             1BE2     1BE2       1A      804       0
                text28                             1B8E     1B8E       1E      804       0
                text27                             1CC0     1CC0        A      804       0
                text26                             1CB6     1CB6        A      804       0
                text25                             1CAC     1CAC        A      804       0
                text24                             1CA2     1CA2        A      804       0
                text23                             1C98     1C98        A      804       0
                text22                             14D6     14D6       A4      804       0
                text21                             1B22     1B22       26      804       0
                text20                             1BFC     1BFC       18      804       0
                text19                             1C3C     1C3C       12      804       0
                text18                             1C2A     1C2A       12      804       0
                text17                             19AA     19AA       52      804       0
                text16                             1378     1378       B8      804       0
                text15                             1C7C     1C7C        E      804       0
                text14                             1C6E     1C6E        E      804       0
                text13                             1AF8     1AF8       2A      804       0
                text12                             1618     1618       9E      804       0
                text11                             1BC8     1BC8       1A      804       0
                text10                             1A3A     1A3A       34      804       0
                text9                              16B6     16B6       98      804       0
                text8                              1A6E     1A6E       32      804       0
                text7                              157A     157A       9E      804       0
                text6                              1C4E     1C4E       10      804       0
                text5                              1CCA     1CCA        8      804       0
                text4                              1878     1878       82      804       0
                text3                              17E6     17E6       92      804       0
                text2                              19FC     19FC       3E      804       0
                text1                              11D2     11D2      1A6      804       0
                text0                              1008     1008      1CA      804       0
                cstackCOMRAM                          1        1       19        1       1
                cstackBANK0                          60       60       33       60       1
                bssBANK0                             93       93       1E       60       1
                bssCOMRAM                            1A       1A       13        1       1
                cinit                              1ACE     1ACE       2A      804       0

TOTAL           Name                               Link     Load   Length     Space
        CLASS   CODE           
                init                                 1A       1A        4         0
                reset_vec                             0        0        4         0
                ivt0x8                                8        8       12         0
                text46                             1B6C     1B6C       22         0
                text45                             1CE2     1CE2        6         0
                text44                             1CEE     1CEE        2         0
                text43                             1CEC     1CEC        2         0
                text42                             174E     174E       98         0
                text41                             1AA0     1AA0       2E         0
                text40                             1956     1956       54         0
                text39                             1CDA     1CDA        8         0
                text38                             1C14     1C14       16         0
                text37                             1C8A     1C8A        E         0
                text36                             1C5E     1C5E       10         0
                text35                             18FA     18FA       5C         0
                text34                             1CD2     1CD2        8         0
                text33                             1CE8     1CE8        4         0
                text32                             1BAC     1BAC       1C         0
                text31                             1430     1430       A6         0
                text30                             1B48     1B48       24         0
                text29                             1BE2     1BE2       1A         0
                text28                             1B8E     1B8E       1E         0
                text27                             1CC0     1CC0        A         0
                text26                             1CB6     1CB6        A         0
                text25                             1CAC     1CAC        A         0
                text24                             1CA2     1CA2        A         0
                text23                             1C98     1C98        A         0
                text22                             14D6     14D6       A4         0
                text21                             1B22     1B22       26         0
                text20                             1BFC     1BFC       18         0
                text19                             1C3C     1C3C       12         0
                text18                             1C2A     1C2A       12         0
                text17                             19AA     19AA       52         0
                text16                             1378     1378       B8         0
                text15                             1C7C     1C7C        E         0
                text14                             1C6E     1C6E        E         0
                text13                             1AF8     1AF8       2A         0
                text12                             1618     1618       9E         0
                text11                             1BC8     1BC8       1A         0
                text10                             1A3A     1A3A       34         0
                text9                              16B6     16B6       98         0
                text8                              1A6E     1A6E       32         0
                text7                              157A     157A       9E         0
                text6                              1C4E     1C4E       10         0
                text5                              1CCA     1CCA        8         0
                text4                              1878     1878       82         0
                text3                              17E6     17E6       92         0
                text2                              19FC     19FC       3E         0
                text1                              11D2     11D2      1A6         0
                text0                              1008     1008      1CA         0
                cinit                              1ACE     1ACE       2A         0

        CLASS   CONST          

        CLASS   SMALLCONST     
                smallconst                         1000     1000        8         0

        CLASS   MEDIUMCONST    

        CLASS   COMRAM         
                cstackCOMRAM                          1        1       19         1
                bssCOMRAM                            1A       1A       13         1

        CLASS   ABS1           

        CLASS   BIGRAM         

        CLASS   RAM            

        CLASS   BANK0          
                cstackBANK0                          60       60       33         1
                bssBANK0                             93       93       1E         1

        CLASS   BANK1          

        CLASS   BANK2          

        CLASS   BANK3          

        CLASS   BANK4          

        CLASS   BANK5          

        CLASS   BANK6          

        CLASS   BANK7          

        CLASS   BANK8          

        CLASS   BANK9          

        CLASS   BANK10         

        CLASS   BANK11         

        CLASS   BANK12         

        CLASS   BANK13         

        CLASS   BANK14         

        CLASS   BANK15         

        CLASS   SFR            

        CLASS   BIGSFR         

        CLASS   CONFIG         
                config                           300000   300000        A         4

        CLASS   IDLOC          
                idloc                            200000   200000       10         5

        CLASS   EEDATA         

        CLASS   FARRAM         

        CLASS   HEAP           

        CLASS   STACK          



SEGMENTS        Name                           Load    Length   Top    Selector   Space  Class

                reset_vec                      000000  000004  000004         0       0  CODE    
                cstackCOMRAM                   000001  00002C  00002D         1       1  COMRAM  
                ivt0x8                         000008  000016  00001E         4       0  CODE    
                cstackBANK0                    000060  000051  0000B1        60       1  BANK0   
                smallconst                     001000  000008  001008       800       0  SMALLCON
                text0                          001008  000CE8  001CF0       804       0  CODE    


UNUSED ADDRESS RANGES

        Name                Unused          Largest block    Delta
        BANK0            0000B1-0000FF               4F
        BANK1            000100-0001FF              100
        BANK10           000A00-000AFF              100
        BANK11           000B00-000BFF              100
        BANK12           000C00-000CFF              100
        BANK13           000D00-000DFF              100
        BANK14           000E00-000EFF              100
        BANK15           000F00-000FFF              100
        BANK2            000200-0002FF              100
        BANK3            000300-0003FF              100
        BANK4            000400-0004FF              100
        BANK5            000500-0005FF              100
        BANK6            000600-0006FF              100
        BANK7            000700-0007FF              100
        BANK8            000800-0008FF              100
        BANK9            000900-0009FF              100
        BIGRAM           00002D-00005F               33
                         0000B1-000FFF              F4F
        BIGSFR           003800-003FFF              800
        CODE             000004-000007                4
                         00001E-000FFF              FE2
                         001CF0-00FFFF             E310
        COMRAM           00002D-00005F               33
        CONST            000004-000007                4
                         00001E-000FFF              FE2
                         001CF0-00FFFF             E310
        EEDATA           310000-3103FF              400
        MEDIUMCONST      001CF0-00FFFF             E310
        RAM              0000B1-000FFF              100
        SFR              003800-003FFF              100
        SMALLCONST       001CF0-00FFFF              100

                                  Symbol Table

?_ADCC_GetConversionResult                    cstackCOMRAM 000003
?___wmul                                      cstackCOMRAM 000003
?_actualizar_recibido_Eusart                  cstackCOMRAM 000009
?_cola_llena                                  cstackCOMRAM 000003
?_cola_vacia                                  cstackCOMRAM 000003
ADCC_StartConversion@channel                  cstackCOMRAM 000003
IVTBASEH                                      (abs)        003FD6
IVTBASEL                                      (abs)        003FD5
IVTBASEU                                      (abs)        003FD7
TMR2_HasOverflowOccured@status                cstackCOMRAM 000003
Tm_Baje_periodico@ctp                         cstackCOMRAM 000003
Tm_Hubo_periodico@ctp                         cstackCOMRAM 000003
Tm_Inicie_periodico@ctp                       cstackCOMRAM 000013
Tm_Inicie_periodico@periodo                   cstackCOMRAM 000015
Tm_Procese_tiempo@ctp                         cstackCOMRAM 000003
UART1_SetErrorHandler@interruptHandler        cstackCOMRAM 000003
UART1_SetFramingErrorHandler@interruptHandler cstackCOMRAM 000003
UART1_SetOverrunErrorHandler@interruptHandler cstackCOMRAM 000003
UART1_SetRxInterruptHandler@InterruptHandler  cstackCOMRAM 000003
UART1_SetTxInterruptHandler@InterruptHandler  cstackCOMRAM 000003
_ADACCH                                       (abs)        003EE9
_ADACCL                                       (abs)        003EE8
_ADACCU                                       (abs)        003EEA
_ADACQH                                       (abs)        003EF4
_ADACQL                                       (abs)        003EF3
_ADACT                                        (abs)        003EFE
_ADCAP                                        (abs)        003EF5
_ADCC_DischargeSampleCapacitor                text39       001CDA
_ADCC_GetConversionResult                     text38       001C14
_ADCC_Initialize                              text35       0018FA
_ADCC_IsConversionDone                        text37       001C8A
_ADCC_StartConversion                         text36       001C5E
_ADCLK                                        (abs)        003EFF
_ADCNT                                        (abs)        003EEB
_ADCON0                                       (abs)        003EF8
_ADCON0bits                                   (abs)        003EF8
_ADCON1                                       (abs)        003EF9
_ADCON1bits                                   (abs)        003EF9
_ADCON2                                       (abs)        003EFA
_ADCON2bits                                   (abs)        003EFA
_ADCON3                                       (abs)        003EFB
_ADCON3bits                                   (abs)        003EFB
_ADERRH                                       (abs)        003EE3
_ADERRL                                       (abs)        003EE2
_ADFLTRH                                      (abs)        003EE7
_ADFLTRL                                      (abs)        003EE6
_ADLTHH                                       (abs)        003EDF
_ADLTHL                                       (abs)        003EDE
_ADPCH                                        (abs)        003EF1
_ADPREH                                       (abs)        003EF7
_ADPREL                                       (abs)        003EF6
_ADPREVH                                      (abs)        003EEE
_ADPREVL                                      (abs)        003EED
_ADREF                                        (abs)        003EFD
_ADRESH                                       (abs)        003EF0
_ADRESL                                       (abs)        003EEF
_ADRPT                                        (abs)        003EEC
_ADSTAT                                       (abs)        003EFC
_ADSTATbits                                   (abs)        003EFC
_ADSTPTH                                      (abs)        003EE5
_ADSTPTL                                      (abs)        003EE4
_ADUTHH                                       (abs)        003EE1
_ADUTHL                                       (abs)        003EE0
_ANSELA                                       (abs)        003A40
_ANSELB                                       (abs)        003A50
_ANSELC                                       (abs)        003A60
_ANSELD                                       (abs)        003A70
_ANSELE                                       (abs)        003A80
_FVRCON                                       (abs)        003EC1
_FVRCONbits                                   (abs)        003EC1
_FVR_Initialize                               text34       001CD2
_INLVLA                                       (abs)        003A44
_INLVLB                                       (abs)        003A54
_INLVLC                                       (abs)        003A64
_INLVLD                                       (abs)        003A74
_INLVLE                                       (abs)        003A84
_INTCON0bits                                  (abs)        003FD2
_INTERRUPT_Initialize                         text33       001CE8
_INTERRUPT_InterruptManager                   text40       001956
_LATA                                         (abs)        003FBA
_LATB                                         (abs)        003FBB
_LATC                                         (abs)        003FBC
_LATD                                         (abs)        003FBD
_LATDbits                                     (abs)        003FBD
_LATE                                         (abs)        003FBE
_ODCONA                                       (abs)        003A42
_ODCONB                                       (abs)        003A52
_ODCONC                                       (abs)        003A62
_ODCOND                                       (abs)        003A72
_ODCONE                                       (abs)        003A82
_OSCCON1                                      (abs)        0039D9
_OSCCON3                                      (abs)        0039DB
_OSCEN                                        (abs)        0039DD
_OSCFRQ                                       (abs)        0039DF
_OSCILLATOR_Initialize                        text32       001BAC
_OSCTUNE                                      (abs)        0039DE
_PIE3bits                                     (abs)        003993
_PIN_MANAGER_Initialize                       text31       001430
_PIR2bits                                     (abs)        0039A2
_PIR3bits                                     (abs)        0039A3
_PIR4bits                                     (abs)        0039A4
_PLLR                                         (abs)        01CEE0
_PMD0                                         (abs)        0039C0
_PMD1                                         (abs)        0039C1
_PMD2                                         (abs)        0039C2
_PMD3                                         (abs)        0039C3
_PMD4                                         (abs)        0039C4
_PMD5                                         (abs)        0039C5
_PMD6                                         (abs)        0039C6
_PMD7                                         (abs)        0039C7
_PMD_Initialize                               text30       001B48
_PR2                                          (abs)        003FAB
_RB1I2C                                       (abs)        003A5A
_RB2I2C                                       (abs)        003A5B
_RC3I2C                                       (abs)        003A6A
_RC3PPS                                       (abs)        003A13
_RC4I2C                                       (abs)        003A6B
_RC5PPS                                       (abs)        003A15
_RC6PPS                                       (abs)        003A16
_RD0I2C                                       (abs)        003A7A
_RD1I2C                                       (abs)        003A7B
_SLRCONA                                      (abs)        003A43
_SLRCONB                                      (abs)        003A53
_SLRCONC                                      (abs)        003A63
_SLRCOND                                      (abs)        003A73
_SLRCONE                                      (abs)        003A83
_SPI1BAUD                                     (abs)        003D19
_SPI1CLK                                      (abs)        003D1C
_SPI1CON0                                     (abs)        003D14
_SPI1CON0bits                                 (abs)        003D14
_SPI1CON1                                     (abs)        003D15
_SPI1CON2                                     (abs)        003D16
_SPI1RXB                                      (abs)        003D10
_SPI1SCKPPS                                   (abs)        003ADE
_SPI1SDIPPS                                   (abs)        003ADF
_SPI1TCNTL                                    (abs)        003D12
_SPI1TXB                                      (abs)        003D11
_SPI1_Initialize                              text29       001BE2
_SYSTEM_Initialize                            text21       001B22
_T2CLKCON                                     (abs)        003FAE
_T2CON                                        (abs)        003FAC
_T2CONbits                                    (abs)        003FAC
_T2HLT                                        (abs)        003FAD
_T2HLTbits                                    (abs)        003FAD
_T2PR                                         (abs)        003FAB
_T2RST                                        (abs)        003FAF
_T2RSTbits                                    (abs)        003FAF
_T2TMR                                        (abs)        003FAA
_TMR2                                         (abs)        003FAA
_TMR2_HasOverflowOccured                      text20       001BFC
_TMR2_Initialize                              text28       001B8E
_TRISA                                        (abs)        003FC2
_TRISB                                        (abs)        003FC3
_TRISC                                        (abs)        003FC4
_TRISCbits                                    (abs)        003FC4
_TRISD                                        (abs)        003FC5
_TRISE                                        (abs)        003FC6
_Tm_Baje_periodico                            text19       001C3C
_Tm_Hubo_periodico                            text18       001C2A
_Tm_Inicie_periodico                          text17       0019AA
_Tm_Procese_tiempo                            text16       001378
_U1BRGH                                       (abs)        003DF6
_U1BRGL                                       (abs)        003DF5
_U1CON0                                       (abs)        003DF2
_U1CON1                                       (abs)        003DF3
_U1CON2                                       (abs)        003DF4
_U1ERRIE                                      (abs)        003DFA
_U1ERRIR                                      (abs)        003DF9
_U1ERRIRbits                                  (abs)        003DF9
_U1FIFO                                       (abs)        003DF7
_U1P1H                                        (abs)        003DED
_U1P1L                                        (abs)        003DEC
_U1P2H                                        (abs)        003DEF
_U1P2L                                        (abs)        003DEE
_U1P3H                                        (abs)        003DF1
_U1P3L                                        (abs)        003DF0
_U1RXB                                        (abs)        003DE8
_U1RXPPS                                      (abs)        003AE5
_U1TXB                                        (abs)        003DEA
_U1UIR                                        (abs)        003DF8
_UART1_DefaultErrorHandler                    text45       001CE2
_UART1_DefaultFramingErrorHandler             text44       001CEE
_UART1_DefaultOverrunErrorHandler             text43       001CEC
_UART1_ErrorHandler                           bssBANK0     0000AB
_UART1_FramingErrorHandler                    bssBANK0     0000AF
_UART1_Initialize                             text22       0014D6
_UART1_OverrunErrorHandler                    bssBANK0     0000AD
_UART1_Receive_ISR                            text42       00174E
_UART1_RxDataHandler                          text46       001B6C
_UART1_RxInterruptHandler                     bssCOMRAM    000020
_UART1_SetErrorHandler                        text27       001CC0
_UART1_SetFramingErrorHandler                 text26       001CB6
_UART1_SetOverrunErrorHandler                 text25       001CAC
_UART1_SetRxInterruptHandler                  text24       001CA2
_UART1_SetTxInterruptHandler                  text23       001C98
_UART1_Transmit_ISR                           text41       001AA0
_UART1_TxInterruptHandler                     bssCOMRAM    00001E
_UART1_is_rx_ready                            text15       001C7C
_UART1_is_tx_ready                            text14       001C6E
_WPUA                                         (abs)        003A41
_WPUB                                         (abs)        003A51
_WPUC                                         (abs)        003A61
_WPUD                                         (abs)        003A71
_WPUE                                         (abs)        003A81
__HRAM                                        (abs)        000000
__Habs1                                       abs1         000000
__Hbank0                                      bank0        000000
__Hbank1                                      bank1        000000
__Hbank10                                     bank10       000000
__Hbank11                                     bank11       000000
__Hbank12                                     bank12       000000
__Hbank13                                     bank13       000000
__Hbank14                                     bank14       000000
__Hbank15                                     bank15       000000
__Hbank2                                      bank2        000000
__Hbank3                                      bank3        000000
__Hbank4                                      bank4        000000
__Hbank5                                      bank5        000000
__Hbank6                                      bank6        000000
__Hbank7                                      bank7        000000
__Hbank8                                      bank8        000000
__Hbank9                                      bank9        000000
__Hbigbss                                     bigbss       000000
__Hbigdata                                    bigdata      000000
__Hbigram                                     bigram       000000
__Hbigsfr                                     bigsfr       000000
__Hbss                                        bss          000000
__HbssBANK0                                   bssBANK0     000000
__HbssCOMRAM                                  bssCOMRAM    000000
__Hcinit                                      cinit        000000
__Hclrtext                                    clrtext      000000
__Hcomram                                     comram       000000
__Hconfig                                     config       30000A
__Hconst                                      const        000000
__HcstackBANK0                                cstackBANK0  000000
__HcstackCOMRAM                               cstackCOMRAM 000000
__Hdata                                       data         000000
__Heeprom_data                                eeprom_data  000000
__Hfarbss                                     farbss       000000
__Hfardata                                    fardata      000000
__Hheap                                       heap         000000
__Hibigdata                                   ibigdata     000000
__Hidata                                      idata        000000
__Hidloc                                      idloc        200010
__Hifardata                                   ifardata     000000
__Hinit                                       init         00001E
__Hintsave_regs                               intsave_regs 000000
__Hirdata                                     irdata       000000
__Hivt0x8                                     ivt0x8       00001A
__Hmediumconst                                mediumconst  000000
__HnvFARRAM                                   nvFARRAM     000000
__Hnvbit                                      nvbit        000000
__Hnvrram                                     nvrram       000000
__Hparam                                      rparam       000000
__Hpowerup                                    powerup      000000
__Hram                                        ram          000000
__Hramtop                                     ramtop       001000
__Hrbit                                       rbit         000000
__Hrbss                                       rbss         000000
__Hrdata                                      rdata        000000
__Hreset_vec                                  reset_vec    000004
__Hrparam                                     rparam       000000
__Hsfr                                        sfr          000000
__Hsmallconst                                 smallconst   001008
__Hspace_0                                    (abs)        001CF0
__Hspace_1                                    (abs)        0000B1
__Hspace_2                                    (abs)        000000
__Hspace_4                                    (abs)        60000A
__Hstack                                      stack        000000
__Hstruct                                     struct       000000
__Htemp                                       temp         000000
__Htext                                       text         000000
__Htext0                                      text0        000000
__Htext1                                      text1        000000
__Htext10                                     text10       000000
__Htext11                                     text11       000000
__Htext12                                     text12       000000
__Htext13                                     text13       000000
__Htext14                                     text14       000000
__Htext15                                     text15       000000
__Htext16                                     text16       000000
__Htext17                                     text17       000000
__Htext18                                     text18       000000
__Htext19                                     text19       000000
__Htext2                                      text2        000000
__Htext20                                     text20       000000
__Htext21                                     text21       000000
__Htext22                                     text22       000000
__Htext23                                     text23       000000
__Htext24                                     text24       000000
__Htext25                                     text25       000000
__Htext26                                     text26       000000
__Htext27                                     text27       000000
__Htext28                                     text28       000000
__Htext29                                     text29       000000
__Htext3                                      text3        000000
__Htext30                                     text30       000000
__Htext31                                     text31       000000
__Htext32                                     text32       000000
__Htext33                                     text33       000000
__Htext34                                     text34       000000
__Htext35                                     text35       000000
__Htext36                                     text36       000000
__Htext37                                     text37       000000
__Htext38                                     text38       000000
__Htext39                                     text39       000000
__Htext4                                      text4        000000
__Htext40                                     text40       000000
__Htext41                                     text41       000000
__Htext42                                     text42       000000
__Htext43                                     text43       000000
__Htext44                                     text44       000000
__Htext45                                     text45       000000
__Htext46                                     text46       000000
__Htext47                                     text47       000000
__Htext5                                      text5        000000
__Htext6                                      text6        000000
__Htext7                                      text7        000000
__Htext8                                      text8        000000
__Htext9                                      text9        000000
__LRAM                                        (abs)        000001
__Labs1                                       abs1         000000
__Lbank0                                      bank0        000000
__Lbank1                                      bank1        000000
__Lbank10                                     bank10       000000
__Lbank11                                     bank11       000000
__Lbank12                                     bank12       000000
__Lbank13                                     bank13       000000
__Lbank14                                     bank14       000000
__Lbank15                                     bank15       000000
__Lbank2                                      bank2        000000
__Lbank3                                      bank3        000000
__Lbank4                                      bank4        000000
__Lbank5                                      bank5        000000
__Lbank6                                      bank6        000000
__Lbank7                                      bank7        000000
__Lbank8                                      bank8        000000
__Lbank9                                      bank9        000000
__Lbigbss                                     bigbss       000000
__Lbigdata                                    bigdata      000000
__Lbigram                                     bigram       000000
__Lbigsfr                                     bigsfr       000000
__Lbss                                        bss          000000
__LbssBANK0                                   bssBANK0     000000
__LbssCOMRAM                                  bssCOMRAM    000000
__Lcinit                                      cinit        000000
__Lclrtext                                    clrtext      000000
__Lcomram                                     comram       000000
__Lconfig                                     config       000000
__Lconst                                      const        000000
__LcstackBANK0                                cstackBANK0  000000
__LcstackCOMRAM                               cstackCOMRAM 000000
__Ldata                                       data         000000
__Leeprom_data                                eeprom_data  000000
__Lfarbss                                     farbss       000000
__Lfardata                                    fardata      000000
__Lheap                                       heap         000000
__Libigdata                                   ibigdata     000000
__Lidata                                      idata        000000
__Lidloc                                      idloc        000000
__Lifardata                                   ifardata     000000
__Linit                                       init         00001A
__Lintsave_regs                               intsave_regs 000000
__Lirdata                                     irdata       000000
__Livt0x8                                     ivt0x8       000008
__Lmediumconst                                mediumconst  000000
__LnvFARRAM                                   nvFARRAM     000000
__Lnvbit                                      nvbit        000000
__Lnvrram                                     nvrram       000000
__Lparam                                      rparam       000000
__Lpowerup                                    powerup      000000
__Lram                                        ram          000000
__Lramtop                                     ramtop       001000
__Lrbit                                       rbit         000000
__Lrbss                                       rbss         000000
__Lrdata                                      rdata        000000
__Lreset_vec                                  reset_vec    000000
__Lrparam                                     rparam       000000
__Lsfr                                        sfr          000000
__Lsmallconst                                 smallconst   001000
__Lspace_0                                    (abs)        000000
__Lspace_1                                    (abs)        000000
__Lspace_2                                    (abs)        000000
__Lspace_4                                    (abs)        000000
__Lstack                                      stack        000000
__Lstruct                                     struct       000000
__Ltemp                                       temp         000000
__Ltext                                       text         000000
__Ltext0                                      text0        000000
__Ltext1                                      text1        000000
__Ltext10                                     text10       000000
__Ltext11                                     text11       000000
__Ltext12                                     text12       000000
__Ltext13                                     text13       000000
__Ltext14                                     text14       000000
__Ltext15                                     text15       000000
__Ltext16                                     text16       000000
__Ltext17                                     text17       000000
__Ltext18                                     text18       000000
__Ltext19                                     text19       000000
__Ltext2                                      text2        000000
__Ltext20                                     text20       000000
__Ltext21                                     text21       000000
__Ltext22                                     text22       000000
__Ltext23                                     text23       000000
__Ltext24                                     text24       000000
__Ltext25                                     text25       000000
__Ltext26                                     text26       000000
__Ltext27                                     text27       000000
__Ltext28                                     text28       000000
__Ltext29                                     text29       000000
__Ltext3                                      text3        000000
__Ltext30                                     text30       000000
__Ltext31                                     text31       000000
__Ltext32                                     text32       000000
__Ltext33                                     text33       000000
__Ltext34                                     text34       000000
__Ltext35                                     text35       000000
__Ltext36                                     text36       000000
__Ltext37                                     text37       000000
__Ltext38                                     text38       000000
__Ltext39                                     text39       000000
__Ltext4                                      text4        000000
__Ltext40                                     text40       000000
__Ltext41                                     text41       000000
__Ltext42                                     text42       000000
__Ltext43                                     text43       000000
__Ltext44                                     text44       000000
__Ltext45                                     text45       000000
__Ltext46                                     text46       000000
__Ltext47                                     text47       000000
__Ltext5                                      text5        000000
__Ltext6                                      text6        000000
__Ltext7                                      text7        000000
__Ltext8                                      text8        000000
__Ltext9                                      text9        000000
__S0                                          (abs)        001CF0
__S1                                          (abs)        0000B1
__S4                                          (abs)        000000
__S5                                          (abs)        000000
___heap_hi                                    (abs)        000000
___heap_lo                                    (abs)        000000
___inthi_sp                                   stack        000000
___intlo_sp                                   stack        000000
___param_bank                                 (abs)        000000
___rparam_used                                (abs)        000001
___sp                                         stack        000000
___wmul                                       text13       001AF8
___wmul@multiplicand                          cstackCOMRAM 000005
___wmul@multiplier                            cstackCOMRAM 000003
___wmul@product                               cstackCOMRAM 000007
__accesstop                                   (abs)        000060
__activetblptr                                (abs)        000003
__end_of_ADCC_DischargeSampleCapacitor        text39       001CE2
__end_of_ADCC_GetConversionResult             text38       001C2A
__end_of_ADCC_Initialize                      text35       001956
__end_of_ADCC_IsConversionDone                text37       001C98
__end_of_ADCC_StartConversion                 text36       001C6E
__end_of_FVR_Initialize                       text34       001CDA
__end_of_INTERRUPT_Initialize                 text33       001CEC
__end_of_INTERRUPT_InterruptManager           text40       0019AA
__end_of_OSCILLATOR_Initialize                text32       001BC8
__end_of_PIN_MANAGER_Initialize               text31       0014D6
__end_of_PMD_Initialize                       text30       001B6C
__end_of_SPI1_Initialize                      text29       001BFC
__end_of_SYSTEM_Initialize                    text21       001B48
__end_of_TMR2_HasOverflowOccured              text20       001C14
__end_of_TMR2_Initialize                      text28       001BAC
__end_of_Tm_Baje_periodico                    text19       001C4E
__end_of_Tm_Hubo_periodico                    text18       001C3C
__end_of_Tm_Inicie_periodico                  text17       0019FC
__end_of_Tm_Procese_tiempo                    text16       001430
__end_of_UART1_DefaultErrorHandler            text45       001CE8
__end_of_UART1_DefaultFramingErrorHandler     text44       001CF0
__end_of_UART1_DefaultOverrunErrorHandler     text43       001CEE
__end_of_UART1_Initialize                     text22       00157A
__end_of_UART1_Receive_ISR                    text42       0017E6
__end_of_UART1_RxDataHandler                  text46       001B8E
__end_of_UART1_SetErrorHandler                text27       001CCA
__end_of_UART1_SetFramingErrorHandler         text26       001CC0
__end_of_UART1_SetOverrunErrorHandler         text25       001CB6
__end_of_UART1_SetRxInterruptHandler          text24       001CAC
__end_of_UART1_SetTxInterruptHandler          text23       001CA2
__end_of_UART1_Transmit_ISR                   text41       001ACE
__end_of_UART1_is_rx_ready                    text15       001C8A
__end_of_UART1_is_tx_ready                    text14       001C7C
__end_of___wmul                               text13       001B22
__end_of__initialization                      cinit        001AF2
__end_of_actualizar_recibido_Eusart           text12       0016B6
__end_of_actualize_valor                      text11       001BE2
__end_of_cola_add                             text9        00174E
__end_of_cola_get                             text7        001618
__end_of_cola_llena                           text10       001A6E
__end_of_cola_vacia                           text8        001AA0
__end_of_dato_recibido_completo               text6        001C5E
__end_of_enviar_Eusart                        text5        001CD2
__end_of_iniciar_struct_usart                 text4        0018FA
__end_of_inicie_SPI                           text3        001878
__end_of_inicie_cola                          text2        001A3A
__end_of_main                                 text0        0011D2
__end_of_recibir_periodo_Eusart               text1        001378
__end_of_spi1_configuration                   smallconst   001006
__initialization                              cinit        001ACE
__mediumconst                                 mediumconst  000000
__pbssBANK0                                   bssBANK0     000093
__pbssCOMRAM                                  bssCOMRAM    00001A
__pcinit                                      cinit        001ACE
__pcstackBANK0                                cstackBANK0  000060
__pcstackCOMRAM                               cstackCOMRAM 000001
__pivt0x8                                     ivt0x8       000008
__psmallconst                                 smallconst   001000
__ptext0                                      text0        001008
__ptext1                                      text1        0011D2
__ptext10                                     text10       001A3A
__ptext11                                     text11       001BC8
__ptext12                                     text12       001618
__ptext13                                     text13       001AF8
__ptext14                                     text14       001C6E
__ptext15                                     text15       001C7C
__ptext16                                     text16       001378
__ptext17                                     text17       0019AA
__ptext18                                     text18       001C2A
__ptext19                                     text19       001C3C
__ptext2                                      text2        0019FC
__ptext20                                     text20       001BFC
__ptext21                                     text21       001B22
__ptext22                                     text22       0014D6
__ptext23                                     text23       001C98
__ptext24                                     text24       001CA2
__ptext25                                     text25       001CAC
__ptext26                                     text26       001CB6
__ptext27                                     text27       001CC0
__ptext28                                     text28       001B8E
__ptext29                                     text29       001BE2
__ptext3                                      text3        0017E6
__ptext30                                     text30       001B48
__ptext31                                     text31       001430
__ptext32                                     text32       001BAC
__ptext33                                     text33       001CE8
__ptext34                                     text34       001CD2
__ptext35                                     text35       0018FA
__ptext36                                     text36       001C5E
__ptext37                                     text37       001C8A
__ptext38                                     text38       001C14
__ptext39                                     text39       001CDA
__ptext4                                      text4        001878
__ptext40                                     text40       001956
__ptext41                                     text41       001AA0
__ptext42                                     text42       00174E
__ptext43                                     text43       001CEC
__ptext44                                     text44       001CEE
__ptext45                                     text45       001CE2
__ptext46                                     text46       001B6C
__ptext47                                     text47       000000
__ptext5                                      text5        001CCA
__ptext6                                      text6        001C4E
__ptext7                                      text7        00157A
__ptext8                                      text8        001A6E
__ptext9                                      text9        0016B6
__ramtop                                      ramtop       001000
__smallconst                                  smallconst   001000
_actualizar_recibido_Eusart                   text12       001618
_actualize_valor                              text11       001BC8
_bandera_ADC1_finish                          bssCOMRAM    000023
_bandera_ADC1_start                           bssCOMRAM    000025
_bandera_ADC2_finish                          bssCOMRAM    000022
_bandera_ADC2_start                           bssCOMRAM    000024
_cola_add                                     text9        0016B6
_cola_get                                     text7        00157A
_cola_llena                                   text10       001A3A
_cola_vacia                                   text8        001A6E
_dato_recibido_completo                       text6        001C4E
_enviar_Eusart                                text5        001CCA
_iniciar_struct_usart                         text4        001878
_inicie_SPI                                   text3        0017E6
_inicie_cola                                  text2        0019FC
_main                                         text0        001008
_primerresultado                              bssCOMRAM    00001C
_recibir_periodo_Eusart                       text1        0011D2
_segundoresultado                             bssCOMRAM    00001A
_spi1_configuration                           smallconst   001001
_uart1RxBuffer                                bssBANK0     00009B
_uart1RxCount                                 bssCOMRAM    000027
_uart1RxHead                                  bssCOMRAM    000029
_uart1RxLastError                             bssCOMRAM    000026
_uart1RxStatusBuffer                          bssBANK0     000093
_uart1RxTail                                  bssCOMRAM    000028
_uart1TxBuffer                                bssBANK0     0000A3
_uart1TxBufferRemaining                       bssCOMRAM    00002A
_uart1TxHead                                  bssCOMRAM    00002C
_uart1TxTail                                  bssCOMRAM    00002B
actualizar_recibido_Eusart@disp               cstackCOMRAM 000009
actualize_valor@spi                           cstackCOMRAM 000003
actualize_valor@valorspi                      cstackCOMRAM 000005
cola_add@c                                    cstackCOMRAM 000007
cola_add@dato                                 cstackCOMRAM 000009
cola_get@c                                    cstackCOMRAM 000007
cola_get@temp                                 cstackCOMRAM 00000B
cola_llena@c                                  cstackCOMRAM 000003
cola_vacia@c                                  cstackCOMRAM 000003
dato_recibido_completo@disp                   cstackCOMRAM 000003
end_of_initialization                         cinit        001AF2
enviar_Eusart@valor                           cstackCOMRAM 00000C
iniciar_struct_usart@disp                     cstackCOMRAM 000003
inicie_SPI@spi                                cstackCOMRAM 000003
inicie_cola@c                                 cstackCOMRAM 000003
intlevel0                                     text         000000
intlevel1                                     text         000000
intlevel2                                     text         000000
intlevel3                                     text         000000
isa$std                                       (abs)        000001
isa$xinst                                     (abs)        000000
ivt0x8_base                                   ivt0x8       000008
main@cola                                     cstackBANK0  000073
main@disp                                     cstackBANK0  000088
main@spi                                      cstackBANK0  000060
main@timer                                    cstackBANK0  00006C
recibir_periodo_Eusart@disp                   cstackCOMRAM 000003
stackhi                                       (abs)        000000
stacklo                                       (abs)        000000
start                                         init         00001A
start_initialization                          cinit        001ACE


MODULE INFORMATION

Module		Function		Class		Link	Load	Size
proceseusart.c
		_enviar_Eusart 		CODE           	1CCA	0000	8
		_recibir_periodo_Eusart		CODE           	11D2	0000	422
		_iniciar_struct_usart		CODE           	1878	0000	130
		_actualizar_recibido_Eusart		CODE           	1618	0000	158
		_dato_recibido_completo		CODE           	1C4E	0000	16

proceseusart.c estimated size: 734

mcc_generated_files/fvr.c
		_FVR_Initialize		CODE           	1CD2	0000	8

mcc_generated_files/fvr.c estimated size: 8

C:\Program Files\Microchip\xc8\v2.40\pic\sources\c99\common\Umul16.c
		___wmul        		CODE           	1AF8	0000	42

C:\Program Files\Microchip\xc8\v2.40\pic\sources\c99\common\Umul16.c estimated size: 42

mcc_generated_files/tmr2.c
		_TMR2_Initialize		CODE           	1B8E	0000	30
		_TMR2_HasOverflowOccured		CODE           	1BFC	0000	24

mcc_generated_files/tmr2.c estimated size: 54

mcc_generated_files/interrupt_manager.c
		_INTERRUPT_Initialize		CODE           	1CE8	0000	4
		_INTERRUPT_InterruptManager		CODE           	1956	0000	84

mcc_generated_files/interrupt_manager.c estimated size: 88

mcc_generated_files/pin_manager.c
		_PIN_MANAGER_Initialize		CODE           	1430	0000	166

mcc_generated_files/pin_manager.c estimated size: 166

mcc_generated_files/spi1.c
		_SPI1_Initialize		CODE           	1BE2	0000	26

mcc_generated_files/spi1.c estimated size: 26

processpi.c
		_inicie_SPI    		CODE           	17E6	0000	146
		_actualize_valor		CODE           	1BC8	0000	26

processpi.c estimated size: 172

nuestrostimers.c
		_Tm_Hubo_periodico		CODE           	1C2A	0000	18
		_Tm_Procese_tiempo		CODE           	1378	0000	184
		_Tm_Inicie_periodico		CODE           	19AA	0000	82
		_Tm_Baje_periodico		CODE           	1C3C	0000	18

nuestrostimers.c estimated size: 302

mcc_generated_files/uart1.c
		_UART1_SetFramingErrorHandler		CODE           	1CB6	0000	10
		_UART1_SetOverrunErrorHandler		CODE           	1CAC	0000	10
		_UART1_Receive_ISR		CODE           	174E	0000	152
		_UART1_SetRxInterruptHandler		CODE           	1CA2	0000	10
		_UART1_SetTxInterruptHandler		CODE           	1C98	0000	10
		_UART1_Initialize		CODE           	14D6	0000	164
		_UART1_SetErrorHandler		CODE           	1CC0	0000	10
		_UART1_Transmit_ISR		CODE           	1AA0	0000	46
		_UART1_DefaultFramingErrorHandler		CODE           	1CEE	0000	2
		_UART1_is_rx_ready		CODE           	1C7C	0000	14
		_UART1_is_tx_ready		CODE           	1C6E	0000	14
		_UART1_DefaultErrorHandler		CODE           	1CE2	0000	6
		_UART1_RxDataHandler		CODE           	1B6C	0000	34
		_UART1_DefaultOverrunErrorHandler		CODE           	1CEC	0000	2

mcc_generated_files/uart1.c estimated size: 484

shared
		__initialization		CODE           	1ACE	0000	36
		_spi1_configuration		SMALLCONST     	1001	0000	5

shared estimated size: 41

mcc_generated_files/mcc.c
		_PMD_Initialize		CODE           	1B48	0000	36
		_OSCILLATOR_Initialize		CODE           	1BAC	0000	28
		_SYSTEM_Initialize		CODE           	1B22	0000	38

mcc_generated_files/mcc.c estimated size: 102

cola.c
		_cola_add      		CODE           	16B6	0000	152
		_cola_vacia    		CODE           	1A6E	0000	50
		_cola_llena    		CODE           	1A3A	0000	52
		_cola_get      		CODE           	157A	0000	158
		_inicie_cola   		CODE           	19FC	0000	62

cola.c estimated size: 474

mcc_generated_files/adcc.c
		_ADCC_GetConversionResult		CODE           	1C14	0000	22
		_ADCC_StartConversion		CODE           	1C5E	0000	16
		_ADCC_Initialize		CODE           	18FA	0000	92
		_ADCC_DischargeSampleCapacitor		CODE           	1CDA	0000	8
		_ADCC_IsConversionDone		CODE           	1C8A	0000	14

mcc_generated_files/adcc.c estimated size: 152

main.c
		_main          		CODE           	1008	0000	458

main.c estimated size: 458

